  Determining projects to restore...
  All projects are up-to-date for restore.
C:\Users\Promi\2ndSemesterProject\AutoEdge\TempModels\TempDbContext.cs(55,10): warning CS1030: #warning: 'To protect potentially sensitive information in your connection string, you should move it out of source code. You can avoid scaffolding the connection string by using the Name= syntax to read it from configuration - see https://go.microsoft.com/fwlink/?linkid=2131148. For more guidance on storing connection strings, see https://go.microsoft.com/fwlink/?LinkId=723263.' [C:\Users\Promi\2ndSemesterProject\AutoEdge\AutoEdge.csproj]
C:\Users\Promi\2ndSemesterProject\AutoEdge\Controllers\AdminController.cs(518,98): warning CS8632: The annotation for nullable reference types should only be used in code within a '#nullable' annotations context. [C:\Users\Promi\2ndSemesterProject\AutoEdge\AutoEdge.csproj]
C:\Users\Promi\2ndSemesterProject\AutoEdge\Controllers\AdminController.cs(518,124): warning CS8632: The annotation for nullable reference types should only be used in code within a '#nullable' annotations context. [C:\Users\Promi\2ndSemesterProject\AutoEdge\AutoEdge.csproj]
C:\Users\Promi\2ndSemesterProject\AutoEdge\Controllers\AdminController.cs(700,100): warning CS8632: The annotation for nullable reference types should only be used in code within a '#nullable' annotations context. [C:\Users\Promi\2ndSemesterProject\AutoEdge\AutoEdge.csproj]
C:\Users\Promi\2ndSemesterProject\AutoEdge\Controllers\AdminController.cs(760,96): warning CS8632: The annotation for nullable reference types should only be used in code within a '#nullable' annotations context. [C:\Users\Promi\2ndSemesterProject\AutoEdge\AutoEdge.csproj]
C:\Users\Promi\2ndSemesterProject\AutoEdge\Controllers\VehicleController.cs(350,105): warning CS8632: The annotation for nullable reference types should only be used in code within a '#nullable' annotations context. [C:\Users\Promi\2ndSemesterProject\AutoEdge\AutoEdge.csproj]
C:\Users\Promi\2ndSemesterProject\AutoEdge\Models\Entities\ApplicationUser.cs(46,32): warning CS8632: The annotation for nullable reference types should only be used in code within a '#nullable' annotations context. [C:\Users\Promi\2ndSemesterProject\AutoEdge\AutoEdge.csproj]
C:\Users\Promi\2ndSemesterProject\AutoEdge\Models\ErrorViewModel.cs(5,18): warning CS8632: The annotation for nullable reference types should only be used in code within a '#nullable' annotations context. [C:\Users\Promi\2ndSemesterProject\AutoEdge\AutoEdge.csproj]
C:\Users\Promi\2ndSemesterProject\AutoEdge\Controllers\WebhookController.cs(113,74): warning CS8632: The annotation for nullable reference types should only be used in code within a '#nullable' annotations context. [C:\Users\Promi\2ndSemesterProject\AutoEdge\AutoEdge.csproj]
C:\Users\Promi\2ndSemesterProject\AutoEdge\Controllers\WebhookController.cs(113,90): warning CS8632: The annotation for nullable reference types should only be used in code within a '#nullable' annotations context. [C:\Users\Promi\2ndSemesterProject\AutoEdge\AutoEdge.csproj]
C:\Users\Promi\2ndSemesterProject\AutoEdge\Controllers\WebhookController.cs(167,76): warning CS8632: The annotation for nullable reference types should only be used in code within a '#nullable' annotations context. [C:\Users\Promi\2ndSemesterProject\AutoEdge\AutoEdge.csproj]
C:\Users\Promi\2ndSemesterProject\AutoEdge\Controllers\WebhookController.cs(210,74): warning CS8632: The annotation for nullable reference types should only be used in code within a '#nullable' annotations context. [C:\Users\Promi\2ndSemesterProject\AutoEdge\AutoEdge.csproj]
C:\Users\Promi\2ndSemesterProject\AutoEdge\Models\ViewModels\CustomerFeedbackViewModel.cs(41,22): warning CS8632: The annotation for nullable reference types should only be used in code within a '#nullable' annotations context. [C:\Users\Promi\2ndSemesterProject\AutoEdge\AutoEdge.csproj]
C:\Users\Promi\2ndSemesterProject\AutoEdge\Models\ViewModels\CustomerFeedbackViewModel.cs(46,32): warning CS8632: The annotation for nullable reference types should only be used in code within a '#nullable' annotations context. [C:\Users\Promi\2ndSemesterProject\AutoEdge\AutoEdge.csproj]
C:\Users\Promi\2ndSemesterProject\AutoEdge\Repositories\IRepository.cs(7,15): warning CS8632: The annotation for nullable reference types should only be used in code within a '#nullable' annotations context. [C:\Users\Promi\2ndSemesterProject\AutoEdge\AutoEdge.csproj]
C:\Users\Promi\2ndSemesterProject\AutoEdge\Repositories\IRepository.cs(10,15): warning CS8632: The annotation for nullable reference types should only be used in code within a '#nullable' annotations context. [C:\Users\Promi\2ndSemesterProject\AutoEdge\AutoEdge.csproj]
C:\Users\Promi\2ndSemesterProject\AutoEdge\Repositories\IRepository.cs(12,55): warning CS8632: The annotation for nullable reference types should only be used in code within a '#nullable' annotations context. [C:\Users\Promi\2ndSemesterProject\AutoEdge\AutoEdge.csproj]
C:\Users\Promi\2ndSemesterProject\AutoEdge\Models\Entities\Contract.cs(113,22): warning CS8632: The annotation for nullable reference types should only be used in code within a '#nullable' annotations context. [C:\Users\Promi\2ndSemesterProject\AutoEdge\AutoEdge.csproj]
C:\Users\Promi\2ndSemesterProject\AutoEdge\Models\Entities\Contract.cs(116,22): warning CS8632: The annotation for nullable reference types should only be used in code within a '#nullable' annotations context. [C:\Users\Promi\2ndSemesterProject\AutoEdge\AutoEdge.csproj]
C:\Users\Promi\2ndSemesterProject\AutoEdge\Models\Entities\Contract.cs(119,22): warning CS8632: The annotation for nullable reference types should only be used in code within a '#nullable' annotations context. [C:\Users\Promi\2ndSemesterProject\AutoEdge\AutoEdge.csproj]
C:\Users\Promi\2ndSemesterProject\AutoEdge\Models\Entities\Contract.cs(122,22): warning CS8632: The annotation for nullable reference types should only be used in code within a '#nullable' annotations context. [C:\Users\Promi\2ndSemesterProject\AutoEdge\AutoEdge.csproj]
C:\Users\Promi\2ndSemesterProject\AutoEdge\Models\Entities\Contract.cs(125,22): warning CS8632: The annotation for nullable reference types should only be used in code within a '#nullable' annotations context. [C:\Users\Promi\2ndSemesterProject\AutoEdge\AutoEdge.csproj]
C:\Users\Promi\2ndSemesterProject\AutoEdge\Models\Entities\Contract.cs(132,22): warning CS8632: The annotation for nullable reference types should only be used in code within a '#nullable' annotations context. [C:\Users\Promi\2ndSemesterProject\AutoEdge\AutoEdge.csproj]
C:\Users\Promi\2ndSemesterProject\AutoEdge\Models\Entities\Contract.cs(147,32): warning CS8632: The annotation for nullable reference types should only be used in code within a '#nullable' annotations context. [C:\Users\Promi\2ndSemesterProject\AutoEdge\AutoEdge.csproj]
C:\Users\Promi\2ndSemesterProject\AutoEdge\Repositories\IRepository.cs(23,99): warning CS8632: The annotation for nullable reference types should only be used in code within a '#nullable' annotations context. [C:\Users\Promi\2ndSemesterProject\AutoEdge\AutoEdge.csproj]
C:\Users\Promi\2ndSemesterProject\AutoEdge\Repositories\IRepository.cs(24,54): warning CS8632: The annotation for nullable reference types should only be used in code within a '#nullable' annotations context. [C:\Users\Promi\2ndSemesterProject\AutoEdge\AutoEdge.csproj]
C:\Users\Promi\2ndSemesterProject\AutoEdge\Repositories\IRepository.cs(26,75): warning CS8632: The annotation for nullable reference types should only be used in code within a '#nullable' annotations context. [C:\Users\Promi\2ndSemesterProject\AutoEdge\AutoEdge.csproj]
C:\Users\Promi\2ndSemesterProject\AutoEdge\Repositories\IRepository.cs(27,54): warning CS8632: The annotation for nullable reference types should only be used in code within a '#nullable' annotations context. [C:\Users\Promi\2ndSemesterProject\AutoEdge\AutoEdge.csproj]
C:\Users\Promi\2ndSemesterProject\AutoEdge\Models\ViewModels\ManualDeliveryViewModel.cs(66,22): warning CS8632: The annotation for nullable reference types should only be used in code within a '#nullable' annotations context. [C:\Users\Promi\2ndSemesterProject\AutoEdge\AutoEdge.csproj]
C:\Users\Promi\2ndSemesterProject\AutoEdge\Models\ViewModels\ManualDeliveryViewModel.cs(69,22): warning CS8632: The annotation for nullable reference types should only be used in code within a '#nullable' annotations context. [C:\Users\Promi\2ndSemesterProject\AutoEdge\AutoEdge.csproj]
C:\Users\Promi\2ndSemesterProject\AutoEdge\TempModels\AspNetRole.cs(10,18): warning CS8632: The annotation for nullable reference types should only be used in code within a '#nullable' annotations context. [C:\Users\Promi\2ndSemesterProject\AutoEdge\AutoEdge.csproj]
C:\Users\Promi\2ndSemesterProject\AutoEdge\TempModels\AspNetRole.cs(12,18): warning CS8632: The annotation for nullable reference types should only be used in code within a '#nullable' annotations context. [C:\Users\Promi\2ndSemesterProject\AutoEdge\AutoEdge.csproj]
C:\Users\Promi\2ndSemesterProject\AutoEdge\TempModels\AspNetRole.cs(14,18): warning CS8632: The annotation for nullable reference types should only be used in code within a '#nullable' annotations context. [C:\Users\Promi\2ndSemesterProject\AutoEdge\AutoEdge.csproj]
C:\Users\Promi\2ndSemesterProject\AutoEdge\TempModels\AspNetRoleClaim.cs(12,18): warning CS8632: The annotation for nullable reference types should only be used in code within a '#nullable' annotations context. [C:\Users\Promi\2ndSemesterProject\AutoEdge\AutoEdge.csproj]
C:\Users\Promi\2ndSemesterProject\AutoEdge\TempModels\AspNetRoleClaim.cs(14,18): warning CS8632: The annotation for nullable reference types should only be used in code within a '#nullable' annotations context. [C:\Users\Promi\2ndSemesterProject\AutoEdge\AutoEdge.csproj]
C:\Users\Promi\2ndSemesterProject\AutoEdge\Models\ViewModels\ServiceReminderViewModel.cs(29,22): warning CS8632: The annotation for nullable reference types should only be used in code within a '#nullable' annotations context. [C:\Users\Promi\2ndSemesterProject\AutoEdge\AutoEdge.csproj]
C:\Users\Promi\2ndSemesterProject\AutoEdge\Models\ViewModels\ServiceReminderViewModel.cs(56,22): warning CS8632: The annotation for nullable reference types should only be used in code within a '#nullable' annotations context. [C:\Users\Promi\2ndSemesterProject\AutoEdge\AutoEdge.csproj]
C:\Users\Promi\2ndSemesterProject\AutoEdge\Services\ESignatureService.cs(33,19): warning CS8632: The annotation for nullable reference types should only be used in code within a '#nullable' annotations context. [C:\Users\Promi\2ndSemesterProject\AutoEdge\AutoEdge.csproj]
C:\Users\Promi\2ndSemesterProject\AutoEdge\TempModels\AspNetUser.cs(34,18): warning CS8632: The annotation for nullable reference types should only be used in code within a '#nullable' annotations context. [C:\Users\Promi\2ndSemesterProject\AutoEdge\AutoEdge.csproj]
C:\Users\Promi\2ndSemesterProject\AutoEdge\TempModels\AspNetUser.cs(36,18): warning CS8632: The annotation for nullable reference types should only be used in code within a '#nullable' annotations context. [C:\Users\Promi\2ndSemesterProject\AutoEdge\AutoEdge.csproj]
C:\Users\Promi\2ndSemesterProject\AutoEdge\TempModels\AspNetUser.cs(38,18): warning CS8632: The annotation for nullable reference types should only be used in code within a '#nullable' annotations context. [C:\Users\Promi\2ndSemesterProject\AutoEdge\AutoEdge.csproj]
C:\Users\Promi\2ndSemesterProject\AutoEdge\TempModels\AspNetUser.cs(40,18): warning CS8632: The annotation for nullable reference types should only be used in code within a '#nullable' annotations context. [C:\Users\Promi\2ndSemesterProject\AutoEdge\AutoEdge.csproj]
C:\Users\Promi\2ndSemesterProject\AutoEdge\TempModels\AspNetUser.cs(44,18): warning CS8632: The annotation for nullable reference types should only be used in code within a '#nullable' annotations context. [C:\Users\Promi\2ndSemesterProject\AutoEdge\AutoEdge.csproj]
C:\Users\Promi\2ndSemesterProject\AutoEdge\TempModels\AspNetUser.cs(46,18): warning CS8632: The annotation for nullable reference types should only be used in code within a '#nullable' annotations context. [C:\Users\Promi\2ndSemesterProject\AutoEdge\AutoEdge.csproj]
C:\Users\Promi\2ndSemesterProject\AutoEdge\TempModels\AspNetUser.cs(48,18): warning CS8632: The annotation for nullable reference types should only be used in code within a '#nullable' annotations context. [C:\Users\Promi\2ndSemesterProject\AutoEdge\AutoEdge.csproj]
C:\Users\Promi\2ndSemesterProject\AutoEdge\TempModels\AspNetUser.cs(50,18): warning CS8632: The annotation for nullable reference types should only be used in code within a '#nullable' annotations context. [C:\Users\Promi\2ndSemesterProject\AutoEdge\AutoEdge.csproj]
C:\Users\Promi\2ndSemesterProject\AutoEdge\Models\Entities\CustomerFeedback.cs(27,22): warning CS8632: The annotation for nullable reference types should only be used in code within a '#nullable' annotations context. [C:\Users\Promi\2ndSemesterProject\AutoEdge\AutoEdge.csproj]
C:\Users\Promi\2ndSemesterProject\AutoEdge\Models\Entities\CustomerFeedback.cs(32,22): warning CS8632: The annotation for nullable reference types should only be used in code within a '#nullable' annotations context. [C:\Users\Promi\2ndSemesterProject\AutoEdge\AutoEdge.csproj]
C:\Users\Promi\2ndSemesterProject\AutoEdge\TempModels\AspNetUser.cs(70,28): warning CS8632: The annotation for nullable reference types should only be used in code within a '#nullable' annotations context. [C:\Users\Promi\2ndSemesterProject\AutoEdge\AutoEdge.csproj]
C:\Users\Promi\2ndSemesterProject\AutoEdge\Services\IESignatureService.cs(15,137): warning CS8632: The annotation for nullable reference types should only be used in code within a '#nullable' annotations context. [C:\Users\Promi\2ndSemesterProject\AutoEdge\AutoEdge.csproj]
C:\Users\Promi\2ndSemesterProject\AutoEdge\Models\Entities\Delivery.cs(38,22): warning CS8632: The annotation for nullable reference types should only be used in code within a '#nullable' annotations context. [C:\Users\Promi\2ndSemesterProject\AutoEdge\AutoEdge.csproj]
C:\Users\Promi\2ndSemesterProject\AutoEdge\Models\ViewModels\ServiceReminderViewModel.cs(81,22): warning CS8632: The annotation for nullable reference types should only be used in code within a '#nullable' annotations context. [C:\Users\Promi\2ndSemesterProject\AutoEdge\AutoEdge.csproj]
C:\Users\Promi\2ndSemesterProject\AutoEdge\Services\IESignatureService.cs(50,22): warning CS8632: The annotation for nullable reference types should only be used in code within a '#nullable' annotations context. [C:\Users\Promi\2ndSemesterProject\AutoEdge\AutoEdge.csproj]
C:\Users\Promi\2ndSemesterProject\AutoEdge\Services\IESignatureService.cs(51,22): warning CS8632: The annotation for nullable reference types should only be used in code within a '#nullable' annotations context. [C:\Users\Promi\2ndSemesterProject\AutoEdge\AutoEdge.csproj]
C:\Users\Promi\2ndSemesterProject\AutoEdge\Services\IESignatureService.cs(54,22): warning CS8632: The annotation for nullable reference types should only be used in code within a '#nullable' annotations context. [C:\Users\Promi\2ndSemesterProject\AutoEdge\AutoEdge.csproj]
C:\Users\Promi\2ndSemesterProject\AutoEdge\Models\Entities\Delivery.cs(156,39): warning CS8632: The annotation for nullable reference types should only be used in code within a '#nullable' annotations context. [C:\Users\Promi\2ndSemesterProject\AutoEdge\AutoEdge.csproj]
C:\Users\Promi\2ndSemesterProject\AutoEdge\Services\IESignatureService.cs(67,22): warning CS8632: The annotation for nullable reference types should only be used in code within a '#nullable' annotations context. [C:\Users\Promi\2ndSemesterProject\AutoEdge\AutoEdge.csproj]
C:\Users\Promi\2ndSemesterProject\AutoEdge\Services\IESignatureService.cs(72,22): warning CS8632: The annotation for nullable reference types should only be used in code within a '#nullable' annotations context. [C:\Users\Promi\2ndSemesterProject\AutoEdge\AutoEdge.csproj]
C:\Users\Promi\2ndSemesterProject\AutoEdge\Services\IESignatureService.cs(74,22): warning CS8632: The annotation for nullable reference types should only be used in code within a '#nullable' annotations context. [C:\Users\Promi\2ndSemesterProject\AutoEdge\AutoEdge.csproj]
C:\Users\Promi\2ndSemesterProject\AutoEdge\Services\IESignatureService.cs(75,30): warning CS8632: The annotation for nullable reference types should only be used in code within a '#nullable' annotations context. [C:\Users\Promi\2ndSemesterProject\AutoEdge\AutoEdge.csproj]
C:\Users\Promi\2ndSemesterProject\AutoEdge\Services\IESignatureService.cs(82,22): warning CS8632: The annotation for nullable reference types should only be used in code within a '#nullable' annotations context. [C:\Users\Promi\2ndSemesterProject\AutoEdge\AutoEdge.csproj]
C:\Users\Promi\2ndSemesterProject\AutoEdge\Services\IESignatureService.cs(83,22): warning CS8632: The annotation for nullable reference types should only be used in code within a '#nullable' annotations context. [C:\Users\Promi\2ndSemesterProject\AutoEdge\AutoEdge.csproj]
C:\Users\Promi\2ndSemesterProject\AutoEdge\Services\IPaymentService.cs(12,21): warning CS8632: The annotation for nullable reference types should only be used in code within a '#nullable' annotations context. [C:\Users\Promi\2ndSemesterProject\AutoEdge\AutoEdge.csproj]
C:\Users\Promi\2ndSemesterProject\AutoEdge\Services\IPaymentService.cs(65,23): warning CS8632: The annotation for nullable reference types should only be used in code within a '#nullable' annotations context. [C:\Users\Promi\2ndSemesterProject\AutoEdge\AutoEdge.csproj]
C:\Users\Promi\2ndSemesterProject\AutoEdge\Services\IQRCodeService.cs(20,22): warning CS8632: The annotation for nullable reference types should only be used in code within a '#nullable' annotations context. [C:\Users\Promi\2ndSemesterProject\AutoEdge\AutoEdge.csproj]
C:\Users\Promi\2ndSemesterProject\AutoEdge\Models\Entities\Document.cs(32,22): warning CS8632: The annotation for nullable reference types should only be used in code within a '#nullable' annotations context. [C:\Users\Promi\2ndSemesterProject\AutoEdge\AutoEdge.csproj]
C:\Users\Promi\2ndSemesterProject\AutoEdge\Models\Entities\Document.cs(41,22): warning CS8632: The annotation for nullable reference types should only be used in code within a '#nullable' annotations context. [C:\Users\Promi\2ndSemesterProject\AutoEdge\AutoEdge.csproj]
C:\Users\Promi\2ndSemesterProject\AutoEdge\Models\Entities\Document.cs(43,22): warning CS8632: The annotation for nullable reference types should only be used in code within a '#nullable' annotations context. [C:\Users\Promi\2ndSemesterProject\AutoEdge\AutoEdge.csproj]
C:\Users\Promi\2ndSemesterProject\AutoEdge\Models\Entities\Document.cs(55,22): warning CS8632: The annotation for nullable reference types should only be used in code within a '#nullable' annotations context. [C:\Users\Promi\2ndSemesterProject\AutoEdge\AutoEdge.csproj]
C:\Users\Promi\2ndSemesterProject\AutoEdge\Models\Entities\Document.cs(61,22): warning CS8632: The annotation for nullable reference types should only be used in code within a '#nullable' annotations context. [C:\Users\Promi\2ndSemesterProject\AutoEdge\AutoEdge.csproj]
C:\Users\Promi\2ndSemesterProject\AutoEdge\TempModels\AspNetUserClaim.cs(12,18): warning CS8632: The annotation for nullable reference types should only be used in code within a '#nullable' annotations context. [C:\Users\Promi\2ndSemesterProject\AutoEdge\AutoEdge.csproj]
C:\Users\Promi\2ndSemesterProject\AutoEdge\TempModels\AspNetUserClaim.cs(14,18): warning CS8632: The annotation for nullable reference types should only be used in code within a '#nullable' annotations context. [C:\Users\Promi\2ndSemesterProject\AutoEdge\AutoEdge.csproj]
C:\Users\Promi\2ndSemesterProject\AutoEdge\Models\Entities\Document.cs(103,39): warning CS8632: The annotation for nullable reference types should only be used in code within a '#nullable' annotations context. [C:\Users\Promi\2ndSemesterProject\AutoEdge\AutoEdge.csproj]
C:\Users\Promi\2ndSemesterProject\AutoEdge\Models\Entities\Document.cs(106,32): warning CS8632: The annotation for nullable reference types should only be used in code within a '#nullable' annotations context. [C:\Users\Promi\2ndSemesterProject\AutoEdge\AutoEdge.csproj]
C:\Users\Promi\2ndSemesterProject\AutoEdge\TempModels\AspNetUserLogin.cs(12,18): warning CS8632: The annotation for nullable reference types should only be used in code within a '#nullable' annotations context. [C:\Users\Promi\2ndSemesterProject\AutoEdge\AutoEdge.csproj]
C:\Users\Promi\2ndSemesterProject\AutoEdge\Services\PaymentService.cs(423,34): warning CS8632: The annotation for nullable reference types should only be used in code within a '#nullable' annotations context. [C:\Users\Promi\2ndSemesterProject\AutoEdge\AutoEdge.csproj]
C:\Users\Promi\2ndSemesterProject\AutoEdge\Models\Entities\DocumentType.cs(15,22): warning CS8632: The annotation for nullable reference types should only be used in code within a '#nullable' annotations context. [C:\Users\Promi\2ndSemesterProject\AutoEdge\AutoEdge.csproj]
C:\Users\Promi\2ndSemesterProject\AutoEdge\Models\Entities\DocumentType.cs(24,22): warning CS8632: The annotation for nullable reference types should only be used in code within a '#nullable' annotations context. [C:\Users\Promi\2ndSemesterProject\AutoEdge\AutoEdge.csproj]
C:\Users\Promi\2ndSemesterProject\AutoEdge\Models\Entities\DocumentType.cs(31,22): warning CS8632: The annotation for nullable reference types should only be used in code within a '#nullable' annotations context. [C:\Users\Promi\2ndSemesterProject\AutoEdge\AutoEdge.csproj]
C:\Users\Promi\2ndSemesterProject\AutoEdge\Models\Entities\Inquiry.cs(31,22): warning CS8632: The annotation for nullable reference types should only be used in code within a '#nullable' annotations context. [C:\Users\Promi\2ndSemesterProject\AutoEdge\AutoEdge.csproj]
C:\Users\Promi\2ndSemesterProject\AutoEdge\Models\Entities\Inquiry.cs(78,39): warning CS8632: The annotation for nullable reference types should only be used in code within a '#nullable' annotations context. [C:\Users\Promi\2ndSemesterProject\AutoEdge\AutoEdge.csproj]
C:\Users\Promi\2ndSemesterProject\AutoEdge\Services\QRCodeService.cs(63,35): warning CS8632: The annotation for nullable reference types should only be used in code within a '#nullable' annotations context. [C:\Users\Promi\2ndSemesterProject\AutoEdge\AutoEdge.csproj]
C:\Users\Promi\2ndSemesterProject\AutoEdge\TempModels\Contract.cs(82,18): warning CS8632: The annotation for nullable reference types should only be used in code within a '#nullable' annotations context. [C:\Users\Promi\2ndSemesterProject\AutoEdge\AutoEdge.csproj]
C:\Users\Promi\2ndSemesterProject\AutoEdge\TempModels\Contract.cs(84,18): warning CS8632: The annotation for nullable reference types should only be used in code within a '#nullable' annotations context. [C:\Users\Promi\2ndSemesterProject\AutoEdge\AutoEdge.csproj]
C:\Users\Promi\2ndSemesterProject\AutoEdge\TempModels\Contract.cs(86,18): warning CS8632: The annotation for nullable reference types should only be used in code within a '#nullable' annotations context. [C:\Users\Promi\2ndSemesterProject\AutoEdge\AutoEdge.csproj]
C:\Users\Promi\2ndSemesterProject\AutoEdge\TempModels\Contract.cs(88,18): warning CS8632: The annotation for nullable reference types should only be used in code within a '#nullable' annotations context. [C:\Users\Promi\2ndSemesterProject\AutoEdge\AutoEdge.csproj]
C:\Users\Promi\2ndSemesterProject\AutoEdge\TempModels\Contract.cs(90,18): warning CS8632: The annotation for nullable reference types should only be used in code within a '#nullable' annotations context. [C:\Users\Promi\2ndSemesterProject\AutoEdge\AutoEdge.csproj]
C:\Users\Promi\2ndSemesterProject\AutoEdge\TempModels\Contract.cs(96,18): warning CS8632: The annotation for nullable reference types should only be used in code within a '#nullable' annotations context. [C:\Users\Promi\2ndSemesterProject\AutoEdge\AutoEdge.csproj]
C:\Users\Promi\2ndSemesterProject\AutoEdge\TempModels\Contract.cs(108,28): warning CS8632: The annotation for nullable reference types should only be used in code within a '#nullable' annotations context. [C:\Users\Promi\2ndSemesterProject\AutoEdge\AutoEdge.csproj]
C:\Users\Promi\2ndSemesterProject\AutoEdge\TempModels\AspNetUserToken.cs(14,18): warning CS8632: The annotation for nullable reference types should only be used in code within a '#nullable' annotations context. [C:\Users\Promi\2ndSemesterProject\AutoEdge\AutoEdge.csproj]
C:\Users\Promi\2ndSemesterProject\AutoEdge\TempModels\Delivery.cs(28,18): warning CS8632: The annotation for nullable reference types should only be used in code within a '#nullable' annotations context. [C:\Users\Promi\2ndSemesterProject\AutoEdge\AutoEdge.csproj]
C:\Users\Promi\2ndSemesterProject\AutoEdge\TempModels\DocumentType.cs(12,18): warning CS8632: The annotation for nullable reference types should only be used in code within a '#nullable' annotations context. [C:\Users\Promi\2ndSemesterProject\AutoEdge\AutoEdge.csproj]
C:\Users\Promi\2ndSemesterProject\AutoEdge\TempModels\DocumentType.cs(18,18): warning CS8632: The annotation for nullable reference types should only be used in code within a '#nullable' annotations context. [C:\Users\Promi\2ndSemesterProject\AutoEdge\AutoEdge.csproj]
C:\Users\Promi\2ndSemesterProject\AutoEdge\TempModels\DocumentType.cs(22,18): warning CS8632: The annotation for nullable reference types should only be used in code within a '#nullable' annotations context. [C:\Users\Promi\2ndSemesterProject\AutoEdge\AutoEdge.csproj]
C:\Users\Promi\2ndSemesterProject\AutoEdge\TempModels\Delivery.cs(108,30): warning CS8632: The annotation for nullable reference types should only be used in code within a '#nullable' annotations context. [C:\Users\Promi\2ndSemesterProject\AutoEdge\AutoEdge.csproj]
C:\Users\Promi\2ndSemesterProject\AutoEdge\TempModels\Inquiry.cs(22,18): warning CS8632: The annotation for nullable reference types should only be used in code within a '#nullable' annotations context. [C:\Users\Promi\2ndSemesterProject\AutoEdge\AutoEdge.csproj]
C:\Users\Promi\2ndSemesterProject\AutoEdge\TempModels\Inquiry.cs(54,30): warning CS8632: The annotation for nullable reference types should only be used in code within a '#nullable' annotations context. [C:\Users\Promi\2ndSemesterProject\AutoEdge\AutoEdge.csproj]
C:\Users\Promi\2ndSemesterProject\AutoEdge\TempModels\Document.cs(20,18): warning CS8632: The annotation for nullable reference types should only be used in code within a '#nullable' annotations context. [C:\Users\Promi\2ndSemesterProject\AutoEdge\AutoEdge.csproj]
C:\Users\Promi\2ndSemesterProject\AutoEdge\TempModels\Document.cs(26,18): warning CS8632: The annotation for nullable reference types should only be used in code within a '#nullable' annotations context. [C:\Users\Promi\2ndSemesterProject\AutoEdge\AutoEdge.csproj]
C:\Users\Promi\2ndSemesterProject\AutoEdge\TempModels\Document.cs(28,18): warning CS8632: The annotation for nullable reference types should only be used in code within a '#nullable' annotations context. [C:\Users\Promi\2ndSemesterProject\AutoEdge\AutoEdge.csproj]
C:\Users\Promi\2ndSemesterProject\AutoEdge\TempModels\Document.cs(36,18): warning CS8632: The annotation for nullable reference types should only be used in code within a '#nullable' annotations context. [C:\Users\Promi\2ndSemesterProject\AutoEdge\AutoEdge.csproj]
C:\Users\Promi\2ndSemesterProject\AutoEdge\TempModels\Document.cs(42,18): warning CS8632: The annotation for nullable reference types should only be used in code within a '#nullable' annotations context. [C:\Users\Promi\2ndSemesterProject\AutoEdge\AutoEdge.csproj]
C:\Users\Promi\2ndSemesterProject\AutoEdge\TempModels\Document.cs(74,28): warning CS8632: The annotation for nullable reference types should only be used in code within a '#nullable' annotations context. [C:\Users\Promi\2ndSemesterProject\AutoEdge\AutoEdge.csproj]
C:\Users\Promi\2ndSemesterProject\AutoEdge\TempModels\Document.cs(76,30): warning CS8632: The annotation for nullable reference types should only be used in code within a '#nullable' annotations context. [C:\Users\Promi\2ndSemesterProject\AutoEdge\AutoEdge.csproj]
C:\Users\Promi\2ndSemesterProject\AutoEdge\TempModels\Reservation.cs(54,18): warning CS8632: The annotation for nullable reference types should only be used in code within a '#nullable' annotations context. [C:\Users\Promi\2ndSemesterProject\AutoEdge\AutoEdge.csproj]
C:\Users\Promi\2ndSemesterProject\AutoEdge\TempModels\Reservation.cs(56,30): warning CS8632: The annotation for nullable reference types should only be used in code within a '#nullable' annotations context. [C:\Users\Promi\2ndSemesterProject\AutoEdge\AutoEdge.csproj]
C:\Users\Promi\2ndSemesterProject\AutoEdge\TempModels\Reservation.cs(58,28): warning CS8632: The annotation for nullable reference types should only be used in code within a '#nullable' annotations context. [C:\Users\Promi\2ndSemesterProject\AutoEdge\AutoEdge.csproj]
C:\Users\Promi\2ndSemesterProject\AutoEdge\Repositories\Repository.cs(18,36): warning CS8632: The annotation for nullable reference types should only be used in code within a '#nullable' annotations context. [C:\Users\Promi\2ndSemesterProject\AutoEdge\AutoEdge.csproj]
C:\Users\Promi\2ndSemesterProject\AutoEdge\Repositories\Repository.cs(33,36): warning CS8632: The annotation for nullable reference types should only be used in code within a '#nullable' annotations context. [C:\Users\Promi\2ndSemesterProject\AutoEdge\AutoEdge.csproj]
C:\Users\Promi\2ndSemesterProject\AutoEdge\Repositories\Repository.cs(43,76): warning CS8632: The annotation for nullable reference types should only be used in code within a '#nullable' annotations context. [C:\Users\Promi\2ndSemesterProject\AutoEdge\AutoEdge.csproj]
C:\Users\Promi\2ndSemesterProject\AutoEdge\Repositories\Repository.cs(83,38): warning CS8632: The annotation for nullable reference types should only be used in code within a '#nullable' annotations context. [C:\Users\Promi\2ndSemesterProject\AutoEdge\AutoEdge.csproj]
C:\Users\Promi\2ndSemesterProject\AutoEdge\Repositories\Repository.cs(84,54): warning CS8632: The annotation for nullable reference types should only be used in code within a '#nullable' annotations context. [C:\Users\Promi\2ndSemesterProject\AutoEdge\AutoEdge.csproj]
C:\Users\Promi\2ndSemesterProject\AutoEdge\Repositories\Repository.cs(109,38): warning CS8632: The annotation for nullable reference types should only be used in code within a '#nullable' annotations context. [C:\Users\Promi\2ndSemesterProject\AutoEdge\AutoEdge.csproj]
C:\Users\Promi\2ndSemesterProject\AutoEdge\Repositories\Repository.cs(110,54): warning CS8632: The annotation for nullable reference types should only be used in code within a '#nullable' annotations context. [C:\Users\Promi\2ndSemesterProject\AutoEdge\AutoEdge.csproj]
C:\Users\Promi\2ndSemesterProject\AutoEdge\TempModels\Vehicle.cs(58,18): warning CS8632: The annotation for nullable reference types should only be used in code within a '#nullable' annotations context. [C:\Users\Promi\2ndSemesterProject\AutoEdge\AutoEdge.csproj]
C:\Users\Promi\2ndSemesterProject\AutoEdge\Models\Entities\Reservation.cs(68,22): warning CS8632: The annotation for nullable reference types should only be used in code within a '#nullable' annotations context. [C:\Users\Promi\2ndSemesterProject\AutoEdge\AutoEdge.csproj]
C:\Users\Promi\2ndSemesterProject\AutoEdge\Models\Entities\Reservation.cs(78,32): warning CS8632: The annotation for nullable reference types should only be used in code within a '#nullable' annotations context. [C:\Users\Promi\2ndSemesterProject\AutoEdge\AutoEdge.csproj]
C:\Users\Promi\2ndSemesterProject\AutoEdge\Models\Entities\Reservation.cs(81,39): warning CS8632: The annotation for nullable reference types should only be used in code within a '#nullable' annotations context. [C:\Users\Promi\2ndSemesterProject\AutoEdge\AutoEdge.csproj]
C:\Users\Promi\2ndSemesterProject\AutoEdge\Repositories\UnitOfWork.cs(10,38): warning CS8632: The annotation for nullable reference types should only be used in code within a '#nullable' annotations context. [C:\Users\Promi\2ndSemesterProject\AutoEdge\AutoEdge.csproj]
C:\Users\Promi\2ndSemesterProject\AutoEdge\Repositories\UnitOfWork.cs(14,37): warning CS8632: The annotation for nullable reference types should only be used in code within a '#nullable' annotations context. [C:\Users\Promi\2ndSemesterProject\AutoEdge\AutoEdge.csproj]
C:\Users\Promi\2ndSemesterProject\AutoEdge\Repositories\UnitOfWork.cs(15,42): warning CS8632: The annotation for nullable reference types should only be used in code within a '#nullable' annotations context. [C:\Users\Promi\2ndSemesterProject\AutoEdge\AutoEdge.csproj]
C:\Users\Promi\2ndSemesterProject\AutoEdge\Repositories\UnitOfWork.cs(16,38): warning CS8632: The annotation for nullable reference types should only be used in code within a '#nullable' annotations context. [C:\Users\Promi\2ndSemesterProject\AutoEdge\AutoEdge.csproj]
C:\Users\Promi\2ndSemesterProject\AutoEdge\Repositories\UnitOfWork.cs(17,37): warning CS8632: The annotation for nullable reference types should only be used in code within a '#nullable' annotations context. [C:\Users\Promi\2ndSemesterProject\AutoEdge\AutoEdge.csproj]
C:\Users\Promi\2ndSemesterProject\AutoEdge\Repositories\UnitOfWork.cs(18,41): warning CS8632: The annotation for nullable reference types should only be used in code within a '#nullable' annotations context. [C:\Users\Promi\2ndSemesterProject\AutoEdge\AutoEdge.csproj]
C:\Users\Promi\2ndSemesterProject\AutoEdge\Repositories\UnitOfWork.cs(19,38): warning CS8632: The annotation for nullable reference types should only be used in code within a '#nullable' annotations context. [C:\Users\Promi\2ndSemesterProject\AutoEdge\AutoEdge.csproj]
C:\Users\Promi\2ndSemesterProject\AutoEdge\Repositories\UnitOfWork.cs(20,38): warning CS8632: The annotation for nullable reference types should only be used in code within a '#nullable' annotations context. [C:\Users\Promi\2ndSemesterProject\AutoEdge\AutoEdge.csproj]
C:\Users\Promi\2ndSemesterProject\AutoEdge\Repositories\UnitOfWork.cs(21,37): warning CS8632: The annotation for nullable reference types should only be used in code within a '#nullable' annotations context. [C:\Users\Promi\2ndSemesterProject\AutoEdge\AutoEdge.csproj]
C:\Users\Promi\2ndSemesterProject\AutoEdge\Repositories\UnitOfWork.cs(22,38): warning CS8632: The annotation for nullable reference types should only be used in code within a '#nullable' annotations context. [C:\Users\Promi\2ndSemesterProject\AutoEdge\AutoEdge.csproj]
C:\Users\Promi\2ndSemesterProject\AutoEdge\Repositories\UnitOfWork.cs(23,38): warning CS8632: The annotation for nullable reference types should only be used in code within a '#nullable' annotations context. [C:\Users\Promi\2ndSemesterProject\AutoEdge\AutoEdge.csproj]
C:\Users\Promi\2ndSemesterProject\AutoEdge\Models\Entities\Warranty.cs(51,22): warning CS8632: The annotation for nullable reference types should only be used in code within a '#nullable' annotations context. [C:\Users\Promi\2ndSemesterProject\AutoEdge\AutoEdge.csproj]
C:\Users\Promi\2ndSemesterProject\AutoEdge\Controllers\WebhookController.cs(50,23): warning CS8632: The annotation for nullable reference types should only be used in code within a '#nullable' annotations context. [C:\Users\Promi\2ndSemesterProject\AutoEdge\AutoEdge.csproj]
C:\Users\Promi\2ndSemesterProject\AutoEdge\Controllers\WebhookController.cs(51,23): warning CS8632: The annotation for nullable reference types should only be used in code within a '#nullable' annotations context. [C:\Users\Promi\2ndSemesterProject\AutoEdge\AutoEdge.csproj]
C:\Users\Promi\2ndSemesterProject\AutoEdge\Controllers\WebhookController.cs(52,23): warning CS8632: The annotation for nullable reference types should only be used in code within a '#nullable' annotations context. [C:\Users\Promi\2ndSemesterProject\AutoEdge\AutoEdge.csproj]
C:\Users\Promi\2ndSemesterProject\AutoEdge\Controllers\WebhookController.cs(53,23): warning CS8632: The annotation for nullable reference types should only be used in code within a '#nullable' annotations context. [C:\Users\Promi\2ndSemesterProject\AutoEdge\AutoEdge.csproj]
C:\Users\Promi\2ndSemesterProject\AutoEdge\Controllers\WebhookController.cs(274,63): error CS1061: 'IHasObject' does not contain a definition for 'Id' and no accessible extension method 'Id' accepting a first argument of type 'IHasObject' could be found (are you missing a using directive or an assembly reference?) [C:\Users\Promi\2ndSemesterProject\AutoEdge\AutoEdge.csproj]
C:\Users\Promi\2ndSemesterProject\AutoEdge\Controllers\WebhookController.cs(279,26): error CS0103: The name 'Events' does not exist in the current context [C:\Users\Promi\2ndSemesterProject\AutoEdge\AutoEdge.csproj]
C:\Users\Promi\2ndSemesterProject\AutoEdge\Controllers\WebhookController.cs(282,26): error CS0103: The name 'Events' does not exist in the current context [C:\Users\Promi\2ndSemesterProject\AutoEdge\AutoEdge.csproj]
C:\Users\Promi\2ndSemesterProject\AutoEdge\Controllers\WebhookController.cs(285,26): error CS0103: The name 'Events' does not exist in the current context [C:\Users\Promi\2ndSemesterProject\AutoEdge\AutoEdge.csproj]
C:\Users\Promi\2ndSemesterProject\AutoEdge\Controllers\VehicleController.cs(46,44): warning CS8632: The annotation for nullable reference types should only be used in code within a '#nullable' annotations context. [C:\Users\Promi\2ndSemesterProject\AutoEdge\AutoEdge.csproj]
C:\Users\Promi\2ndSemesterProject\AutoEdge\Controllers\VehicleController.cs(55,66): warning CS8632: The annotation for nullable reference types should only be used in code within a '#nullable' annotations context. [C:\Users\Promi\2ndSemesterProject\AutoEdge\AutoEdge.csproj]
C:\Users\Promi\2ndSemesterProject\AutoEdge\Controllers\AdminController.cs(632,30): warning CS0168: The variable 'ex' is declared but never used [C:\Users\Promi\2ndSemesterProject\AutoEdge\AutoEdge.csproj]
C:\Users\Promi\2ndSemesterProject\AutoEdge\Controllers\DeliveryController.cs(209,26): warning CS0168: The variable 'ex' is declared but never used [C:\Users\Promi\2ndSemesterProject\AutoEdge\AutoEdge.csproj]
C:\Users\Promi\2ndSemesterProject\AutoEdge\Controllers\DeliveryController.cs(216,38): warning CS1998: This async method lacks 'await' operators and will run synchronously. Consider using the 'await' operator to await non-blocking API calls, or 'await Task.Run(...)' to do CPU-bound work on a background thread. [C:\Users\Promi\2ndSemesterProject\AutoEdge\AutoEdge.csproj]
C:\Users\Promi\2ndSemesterProject\AutoEdge\Controllers\HomeController.cs(101,32): warning CS1998: This async method lacks 'await' operators and will run synchronously. Consider using the 'await' operator to await non-blocking API calls, or 'await Task.Run(...)' to do CPU-bound work on a background thread. [C:\Users\Promi\2ndSemesterProject\AutoEdge\AutoEdge.csproj]
C:\Users\Promi\2ndSemesterProject\AutoEdge\Services\ESignatureService.cs(120,35): warning CS1998: This async method lacks 'await' operators and will run synchronously. Consider using the 'await' operator to await non-blocking API calls, or 'await Task.Run(...)' to do CPU-bound work on a background thread. [C:\Users\Promi\2ndSemesterProject\AutoEdge\AutoEdge.csproj]
C:\Users\Promi\2ndSemesterProject\AutoEdge\Services\ESignatureService.cs(159,33): warning CS1998: This async method lacks 'await' operators and will run synchronously. Consider using the 'await' operator to await non-blocking API calls, or 'await Task.Run(...)' to do CPU-bound work on a background thread. [C:\Users\Promi\2ndSemesterProject\AutoEdge\AutoEdge.csproj]
C:\Users\Promi\2ndSemesterProject\AutoEdge\Controllers\CustomerController.cs(478,30): warning CS0168: The variable 'ex' is declared but never used [C:\Users\Promi\2ndSemesterProject\AutoEdge\AutoEdge.csproj]
C:\Users\Promi\2ndSemesterProject\AutoEdge\Controllers\CustomerController.cs(545,30): warning CS0168: The variable 'ex' is declared but never used [C:\Users\Promi\2ndSemesterProject\AutoEdge\AutoEdge.csproj]
C:\Users\Promi\2ndSemesterProject\AutoEdge\Controllers\PurchaseController.cs(1125,24): warning CS8632: The annotation for nullable reference types should only be used in code within a '#nullable' annotations context. [C:\Users\Promi\2ndSemesterProject\AutoEdge\AutoEdge.csproj]

Build FAILED.

C:\Users\Promi\2ndSemesterProject\AutoEdge\TempModels\TempDbContext.cs(55,10): warning CS1030: #warning: 'To protect potentially sensitive information in your connection string, you should move it out of source code. You can avoid scaffolding the connection string by using the Name= syntax to read it from configuration - see https://go.microsoft.com/fwlink/?linkid=2131148. For more guidance on storing connection strings, see https://go.microsoft.com/fwlink/?LinkId=723263.' [C:\Users\Promi\2ndSemesterProject\AutoEdge\AutoEdge.csproj]
C:\Users\Promi\2ndSemesterProject\AutoEdge\Controllers\AdminController.cs(518,98): warning CS8632: The annotation for nullable reference types should only be used in code within a '#nullable' annotations context. [C:\Users\Promi\2ndSemesterProject\AutoEdge\AutoEdge.csproj]
C:\Users\Promi\2ndSemesterProject\AutoEdge\Controllers\AdminController.cs(518,124): warning CS8632: The annotation for nullable reference types should only be used in code within a '#nullable' annotations context. [C:\Users\Promi\2ndSemesterProject\AutoEdge\AutoEdge.csproj]
C:\Users\Promi\2ndSemesterProject\AutoEdge\Controllers\AdminController.cs(700,100): warning CS8632: The annotation for nullable reference types should only be used in code within a '#nullable' annotations context. [C:\Users\Promi\2ndSemesterProject\AutoEdge\AutoEdge.csproj]
C:\Users\Promi\2ndSemesterProject\AutoEdge\Controllers\AdminController.cs(760,96): warning CS8632: The annotation for nullable reference types should only be used in code within a '#nullable' annotations context. [C:\Users\Promi\2ndSemesterProject\AutoEdge\AutoEdge.csproj]
C:\Users\Promi\2ndSemesterProject\AutoEdge\Controllers\VehicleController.cs(350,105): warning CS8632: The annotation for nullable reference types should only be used in code within a '#nullable' annotations context. [C:\Users\Promi\2ndSemesterProject\AutoEdge\AutoEdge.csproj]
C:\Users\Promi\2ndSemesterProject\AutoEdge\Models\Entities\ApplicationUser.cs(46,32): warning CS8632: The annotation for nullable reference types should only be used in code within a '#nullable' annotations context. [C:\Users\Promi\2ndSemesterProject\AutoEdge\AutoEdge.csproj]
C:\Users\Promi\2ndSemesterProject\AutoEdge\Models\ErrorViewModel.cs(5,18): warning CS8632: The annotation for nullable reference types should only be used in code within a '#nullable' annotations context. [C:\Users\Promi\2ndSemesterProject\AutoEdge\AutoEdge.csproj]
C:\Users\Promi\2ndSemesterProject\AutoEdge\Controllers\WebhookController.cs(113,74): warning CS8632: The annotation for nullable reference types should only be used in code within a '#nullable' annotations context. [C:\Users\Promi\2ndSemesterProject\AutoEdge\AutoEdge.csproj]
C:\Users\Promi\2ndSemesterProject\AutoEdge\Controllers\WebhookController.cs(113,90): warning CS8632: The annotation for nullable reference types should only be used in code within a '#nullable' annotations context. [C:\Users\Promi\2ndSemesterProject\AutoEdge\AutoEdge.csproj]
C:\Users\Promi\2ndSemesterProject\AutoEdge\Controllers\WebhookController.cs(167,76): warning CS8632: The annotation for nullable reference types should only be used in code within a '#nullable' annotations context. [C:\Users\Promi\2ndSemesterProject\AutoEdge\AutoEdge.csproj]
C:\Users\Promi\2ndSemesterProject\AutoEdge\Controllers\WebhookController.cs(210,74): warning CS8632: The annotation for nullable reference types should only be used in code within a '#nullable' annotations context. [C:\Users\Promi\2ndSemesterProject\AutoEdge\AutoEdge.csproj]
C:\Users\Promi\2ndSemesterProject\AutoEdge\Models\ViewModels\CustomerFeedbackViewModel.cs(41,22): warning CS8632: The annotation for nullable reference types should only be used in code within a '#nullable' annotations context. [C:\Users\Promi\2ndSemesterProject\AutoEdge\AutoEdge.csproj]
C:\Users\Promi\2ndSemesterProject\AutoEdge\Models\ViewModels\CustomerFeedbackViewModel.cs(46,32): warning CS8632: The annotation for nullable reference types should only be used in code within a '#nullable' annotations context. [C:\Users\Promi\2ndSemesterProject\AutoEdge\AutoEdge.csproj]
C:\Users\Promi\2ndSemesterProject\AutoEdge\Repositories\IRepository.cs(7,15): warning CS8632: The annotation for nullable reference types should only be used in code within a '#nullable' annotations context. [C:\Users\Promi\2ndSemesterProject\AutoEdge\AutoEdge.csproj]
C:\Users\Promi\2ndSemesterProject\AutoEdge\Repositories\IRepository.cs(10,15): warning CS8632: The annotation for nullable reference types should only be used in code within a '#nullable' annotations context. [C:\Users\Promi\2ndSemesterProject\AutoEdge\AutoEdge.csproj]
C:\Users\Promi\2ndSemesterProject\AutoEdge\Repositories\IRepository.cs(12,55): warning CS8632: The annotation for nullable reference types should only be used in code within a '#nullable' annotations context. [C:\Users\Promi\2ndSemesterProject\AutoEdge\AutoEdge.csproj]
C:\Users\Promi\2ndSemesterProject\AutoEdge\Models\Entities\Contract.cs(113,22): warning CS8632: The annotation for nullable reference types should only be used in code within a '#nullable' annotations context. [C:\Users\Promi\2ndSemesterProject\AutoEdge\AutoEdge.csproj]
C:\Users\Promi\2ndSemesterProject\AutoEdge\Models\Entities\Contract.cs(116,22): warning CS8632: The annotation for nullable reference types should only be used in code within a '#nullable' annotations context. [C:\Users\Promi\2ndSemesterProject\AutoEdge\AutoEdge.csproj]
C:\Users\Promi\2ndSemesterProject\AutoEdge\Models\Entities\Contract.cs(119,22): warning CS8632: The annotation for nullable reference types should only be used in code within a '#nullable' annotations context. [C:\Users\Promi\2ndSemesterProject\AutoEdge\AutoEdge.csproj]
C:\Users\Promi\2ndSemesterProject\AutoEdge\Models\Entities\Contract.cs(122,22): warning CS8632: The annotation for nullable reference types should only be used in code within a '#nullable' annotations context. [C:\Users\Promi\2ndSemesterProject\AutoEdge\AutoEdge.csproj]
C:\Users\Promi\2ndSemesterProject\AutoEdge\Models\Entities\Contract.cs(125,22): warning CS8632: The annotation for nullable reference types should only be used in code within a '#nullable' annotations context. [C:\Users\Promi\2ndSemesterProject\AutoEdge\AutoEdge.csproj]
C:\Users\Promi\2ndSemesterProject\AutoEdge\Models\Entities\Contract.cs(132,22): warning CS8632: The annotation for nullable reference types should only be used in code within a '#nullable' annotations context. [C:\Users\Promi\2ndSemesterProject\AutoEdge\AutoEdge.csproj]
C:\Users\Promi\2ndSemesterProject\AutoEdge\Models\Entities\Contract.cs(147,32): warning CS8632: The annotation for nullable reference types should only be used in code within a '#nullable' annotations context. [C:\Users\Promi\2ndSemesterProject\AutoEdge\AutoEdge.csproj]
C:\Users\Promi\2ndSemesterProject\AutoEdge\Repositories\IRepository.cs(23,99): warning CS8632: The annotation for nullable reference types should only be used in code within a '#nullable' annotations context. [C:\Users\Promi\2ndSemesterProject\AutoEdge\AutoEdge.csproj]
C:\Users\Promi\2ndSemesterProject\AutoEdge\Repositories\IRepository.cs(24,54): warning CS8632: The annotation for nullable reference types should only be used in code within a '#nullable' annotations context. [C:\Users\Promi\2ndSemesterProject\AutoEdge\AutoEdge.csproj]
C:\Users\Promi\2ndSemesterProject\AutoEdge\Repositories\IRepository.cs(26,75): warning CS8632: The annotation for nullable reference types should only be used in code within a '#nullable' annotations context. [C:\Users\Promi\2ndSemesterProject\AutoEdge\AutoEdge.csproj]
C:\Users\Promi\2ndSemesterProject\AutoEdge\Repositories\IRepository.cs(27,54): warning CS8632: The annotation for nullable reference types should only be used in code within a '#nullable' annotations context. [C:\Users\Promi\2ndSemesterProject\AutoEdge\AutoEdge.csproj]
C:\Users\Promi\2ndSemesterProject\AutoEdge\Models\ViewModels\ManualDeliveryViewModel.cs(66,22): warning CS8632: The annotation for nullable reference types should only be used in code within a '#nullable' annotations context. [C:\Users\Promi\2ndSemesterProject\AutoEdge\AutoEdge.csproj]
C:\Users\Promi\2ndSemesterProject\AutoEdge\Models\ViewModels\ManualDeliveryViewModel.cs(69,22): warning CS8632: The annotation for nullable reference types should only be used in code within a '#nullable' annotations context. [C:\Users\Promi\2ndSemesterProject\AutoEdge\AutoEdge.csproj]
C:\Users\Promi\2ndSemesterProject\AutoEdge\TempModels\AspNetRole.cs(10,18): warning CS8632: The annotation for nullable reference types should only be used in code within a '#nullable' annotations context. [C:\Users\Promi\2ndSemesterProject\AutoEdge\AutoEdge.csproj]
C:\Users\Promi\2ndSemesterProject\AutoEdge\TempModels\AspNetRole.cs(12,18): warning CS8632: The annotation for nullable reference types should only be used in code within a '#nullable' annotations context. [C:\Users\Promi\2ndSemesterProject\AutoEdge\AutoEdge.csproj]
C:\Users\Promi\2ndSemesterProject\AutoEdge\TempModels\AspNetRole.cs(14,18): warning CS8632: The annotation for nullable reference types should only be used in code within a '#nullable' annotations context. [C:\Users\Promi\2ndSemesterProject\AutoEdge\AutoEdge.csproj]
C:\Users\Promi\2ndSemesterProject\AutoEdge\TempModels\AspNetRoleClaim.cs(12,18): warning CS8632: The annotation for nullable reference types should only be used in code within a '#nullable' annotations context. [C:\Users\Promi\2ndSemesterProject\AutoEdge\AutoEdge.csproj]
C:\Users\Promi\2ndSemesterProject\AutoEdge\TempModels\AspNetRoleClaim.cs(14,18): warning CS8632: The annotation for nullable reference types should only be used in code within a '#nullable' annotations context. [C:\Users\Promi\2ndSemesterProject\AutoEdge\AutoEdge.csproj]
C:\Users\Promi\2ndSemesterProject\AutoEdge\Models\ViewModels\ServiceReminderViewModel.cs(29,22): warning CS8632: The annotation for nullable reference types should only be used in code within a '#nullable' annotations context. [C:\Users\Promi\2ndSemesterProject\AutoEdge\AutoEdge.csproj]
C:\Users\Promi\2ndSemesterProject\AutoEdge\Models\ViewModels\ServiceReminderViewModel.cs(56,22): warning CS8632: The annotation for nullable reference types should only be used in code within a '#nullable' annotations context. [C:\Users\Promi\2ndSemesterProject\AutoEdge\AutoEdge.csproj]
C:\Users\Promi\2ndSemesterProject\AutoEdge\Services\ESignatureService.cs(33,19): warning CS8632: The annotation for nullable reference types should only be used in code within a '#nullable' annotations context. [C:\Users\Promi\2ndSemesterProject\AutoEdge\AutoEdge.csproj]
C:\Users\Promi\2ndSemesterProject\AutoEdge\TempModels\AspNetUser.cs(34,18): warning CS8632: The annotation for nullable reference types should only be used in code within a '#nullable' annotations context. [C:\Users\Promi\2ndSemesterProject\AutoEdge\AutoEdge.csproj]
C:\Users\Promi\2ndSemesterProject\AutoEdge\TempModels\AspNetUser.cs(36,18): warning CS8632: The annotation for nullable reference types should only be used in code within a '#nullable' annotations context. [C:\Users\Promi\2ndSemesterProject\AutoEdge\AutoEdge.csproj]
C:\Users\Promi\2ndSemesterProject\AutoEdge\TempModels\AspNetUser.cs(38,18): warning CS8632: The annotation for nullable reference types should only be used in code within a '#nullable' annotations context. [C:\Users\Promi\2ndSemesterProject\AutoEdge\AutoEdge.csproj]
C:\Users\Promi\2ndSemesterProject\AutoEdge\TempModels\AspNetUser.cs(40,18): warning CS8632: The annotation for nullable reference types should only be used in code within a '#nullable' annotations context. [C:\Users\Promi\2ndSemesterProject\AutoEdge\AutoEdge.csproj]
C:\Users\Promi\2ndSemesterProject\AutoEdge\TempModels\AspNetUser.cs(44,18): warning CS8632: The annotation for nullable reference types should only be used in code within a '#nullable' annotations context. [C:\Users\Promi\2ndSemesterProject\AutoEdge\AutoEdge.csproj]
C:\Users\Promi\2ndSemesterProject\AutoEdge\TempModels\AspNetUser.cs(46,18): warning CS8632: The annotation for nullable reference types should only be used in code within a '#nullable' annotations context. [C:\Users\Promi\2ndSemesterProject\AutoEdge\AutoEdge.csproj]
C:\Users\Promi\2ndSemesterProject\AutoEdge\TempModels\AspNetUser.cs(48,18): warning CS8632: The annotation for nullable reference types should only be used in code within a '#nullable' annotations context. [C:\Users\Promi\2ndSemesterProject\AutoEdge\AutoEdge.csproj]
C:\Users\Promi\2ndSemesterProject\AutoEdge\TempModels\AspNetUser.cs(50,18): warning CS8632: The annotation for nullable reference types should only be used in code within a '#nullable' annotations context. [C:\Users\Promi\2ndSemesterProject\AutoEdge\AutoEdge.csproj]
C:\Users\Promi\2ndSemesterProject\AutoEdge\Models\Entities\CustomerFeedback.cs(27,22): warning CS8632: The annotation for nullable reference types should only be used in code within a '#nullable' annotations context. [C:\Users\Promi\2ndSemesterProject\AutoEdge\AutoEdge.csproj]
C:\Users\Promi\2ndSemesterProject\AutoEdge\Models\Entities\CustomerFeedback.cs(32,22): warning CS8632: The annotation for nullable reference types should only be used in code within a '#nullable' annotations context. [C:\Users\Promi\2ndSemesterProject\AutoEdge\AutoEdge.csproj]
C:\Users\Promi\2ndSemesterProject\AutoEdge\TempModels\AspNetUser.cs(70,28): warning CS8632: The annotation for nullable reference types should only be used in code within a '#nullable' annotations context. [C:\Users\Promi\2ndSemesterProject\AutoEdge\AutoEdge.csproj]
C:\Users\Promi\2ndSemesterProject\AutoEdge\Services\IESignatureService.cs(15,137): warning CS8632: The annotation for nullable reference types should only be used in code within a '#nullable' annotations context. [C:\Users\Promi\2ndSemesterProject\AutoEdge\AutoEdge.csproj]
C:\Users\Promi\2ndSemesterProject\AutoEdge\Models\Entities\Delivery.cs(38,22): warning CS8632: The annotation for nullable reference types should only be used in code within a '#nullable' annotations context. [C:\Users\Promi\2ndSemesterProject\AutoEdge\AutoEdge.csproj]
C:\Users\Promi\2ndSemesterProject\AutoEdge\Models\ViewModels\ServiceReminderViewModel.cs(81,22): warning CS8632: The annotation for nullable reference types should only be used in code within a '#nullable' annotations context. [C:\Users\Promi\2ndSemesterProject\AutoEdge\AutoEdge.csproj]
C:\Users\Promi\2ndSemesterProject\AutoEdge\Services\IESignatureService.cs(50,22): warning CS8632: The annotation for nullable reference types should only be used in code within a '#nullable' annotations context. [C:\Users\Promi\2ndSemesterProject\AutoEdge\AutoEdge.csproj]
C:\Users\Promi\2ndSemesterProject\AutoEdge\Services\IESignatureService.cs(51,22): warning CS8632: The annotation for nullable reference types should only be used in code within a '#nullable' annotations context. [C:\Users\Promi\2ndSemesterProject\AutoEdge\AutoEdge.csproj]
C:\Users\Promi\2ndSemesterProject\AutoEdge\Services\IESignatureService.cs(54,22): warning CS8632: The annotation for nullable reference types should only be used in code within a '#nullable' annotations context. [C:\Users\Promi\2ndSemesterProject\AutoEdge\AutoEdge.csproj]
C:\Users\Promi\2ndSemesterProject\AutoEdge\Models\Entities\Delivery.cs(156,39): warning CS8632: The annotation for nullable reference types should only be used in code within a '#nullable' annotations context. [C:\Users\Promi\2ndSemesterProject\AutoEdge\AutoEdge.csproj]
C:\Users\Promi\2ndSemesterProject\AutoEdge\Services\IESignatureService.cs(67,22): warning CS8632: The annotation for nullable reference types should only be used in code within a '#nullable' annotations context. [C:\Users\Promi\2ndSemesterProject\AutoEdge\AutoEdge.csproj]
C:\Users\Promi\2ndSemesterProject\AutoEdge\Services\IESignatureService.cs(72,22): warning CS8632: The annotation for nullable reference types should only be used in code within a '#nullable' annotations context. [C:\Users\Promi\2ndSemesterProject\AutoEdge\AutoEdge.csproj]
C:\Users\Promi\2ndSemesterProject\AutoEdge\Services\IESignatureService.cs(74,22): warning CS8632: The annotation for nullable reference types should only be used in code within a '#nullable' annotations context. [C:\Users\Promi\2ndSemesterProject\AutoEdge\AutoEdge.csproj]
C:\Users\Promi\2ndSemesterProject\AutoEdge\Services\IESignatureService.cs(75,30): warning CS8632: The annotation for nullable reference types should only be used in code within a '#nullable' annotations context. [C:\Users\Promi\2ndSemesterProject\AutoEdge\AutoEdge.csproj]
C:\Users\Promi\2ndSemesterProject\AutoEdge\Services\IESignatureService.cs(82,22): warning CS8632: The annotation for nullable reference types should only be used in code within a '#nullable' annotations context. [C:\Users\Promi\2ndSemesterProject\AutoEdge\AutoEdge.csproj]
C:\Users\Promi\2ndSemesterProject\AutoEdge\Services\IESignatureService.cs(83,22): warning CS8632: The annotation for nullable reference types should only be used in code within a '#nullable' annotations context. [C:\Users\Promi\2ndSemesterProject\AutoEdge\AutoEdge.csproj]
C:\Users\Promi\2ndSemesterProject\AutoEdge\Services\IPaymentService.cs(12,21): warning CS8632: The annotation for nullable reference types should only be used in code within a '#nullable' annotations context. [C:\Users\Promi\2ndSemesterProject\AutoEdge\AutoEdge.csproj]
C:\Users\Promi\2ndSemesterProject\AutoEdge\Services\IPaymentService.cs(65,23): warning CS8632: The annotation for nullable reference types should only be used in code within a '#nullable' annotations context. [C:\Users\Promi\2ndSemesterProject\AutoEdge\AutoEdge.csproj]
C:\Users\Promi\2ndSemesterProject\AutoEdge\Services\IQRCodeService.cs(20,22): warning CS8632: The annotation for nullable reference types should only be used in code within a '#nullable' annotations context. [C:\Users\Promi\2ndSemesterProject\AutoEdge\AutoEdge.csproj]
C:\Users\Promi\2ndSemesterProject\AutoEdge\Models\Entities\Document.cs(32,22): warning CS8632: The annotation for nullable reference types should only be used in code within a '#nullable' annotations context. [C:\Users\Promi\2ndSemesterProject\AutoEdge\AutoEdge.csproj]
C:\Users\Promi\2ndSemesterProject\AutoEdge\Models\Entities\Document.cs(41,22): warning CS8632: The annotation for nullable reference types should only be used in code within a '#nullable' annotations context. [C:\Users\Promi\2ndSemesterProject\AutoEdge\AutoEdge.csproj]
C:\Users\Promi\2ndSemesterProject\AutoEdge\Models\Entities\Document.cs(43,22): warning CS8632: The annotation for nullable reference types should only be used in code within a '#nullable' annotations context. [C:\Users\Promi\2ndSemesterProject\AutoEdge\AutoEdge.csproj]
C:\Users\Promi\2ndSemesterProject\AutoEdge\Models\Entities\Document.cs(55,22): warning CS8632: The annotation for nullable reference types should only be used in code within a '#nullable' annotations context. [C:\Users\Promi\2ndSemesterProject\AutoEdge\AutoEdge.csproj]
C:\Users\Promi\2ndSemesterProject\AutoEdge\Models\Entities\Document.cs(61,22): warning CS8632: The annotation for nullable reference types should only be used in code within a '#nullable' annotations context. [C:\Users\Promi\2ndSemesterProject\AutoEdge\AutoEdge.csproj]
C:\Users\Promi\2ndSemesterProject\AutoEdge\TempModels\AspNetUserClaim.cs(12,18): warning CS8632: The annotation for nullable reference types should only be used in code within a '#nullable' annotations context. [C:\Users\Promi\2ndSemesterProject\AutoEdge\AutoEdge.csproj]
C:\Users\Promi\2ndSemesterProject\AutoEdge\TempModels\AspNetUserClaim.cs(14,18): warning CS8632: The annotation for nullable reference types should only be used in code within a '#nullable' annotations context. [C:\Users\Promi\2ndSemesterProject\AutoEdge\AutoEdge.csproj]
C:\Users\Promi\2ndSemesterProject\AutoEdge\Models\Entities\Document.cs(103,39): warning CS8632: The annotation for nullable reference types should only be used in code within a '#nullable' annotations context. [C:\Users\Promi\2ndSemesterProject\AutoEdge\AutoEdge.csproj]
C:\Users\Promi\2ndSemesterProject\AutoEdge\Models\Entities\Document.cs(106,32): warning CS8632: The annotation for nullable reference types should only be used in code within a '#nullable' annotations context. [C:\Users\Promi\2ndSemesterProject\AutoEdge\AutoEdge.csproj]
C:\Users\Promi\2ndSemesterProject\AutoEdge\TempModels\AspNetUserLogin.cs(12,18): warning CS8632: The annotation for nullable reference types should only be used in code within a '#nullable' annotations context. [C:\Users\Promi\2ndSemesterProject\AutoEdge\AutoEdge.csproj]
C:\Users\Promi\2ndSemesterProject\AutoEdge\Services\PaymentService.cs(423,34): warning CS8632: The annotation for nullable reference types should only be used in code within a '#nullable' annotations context. [C:\Users\Promi\2ndSemesterProject\AutoEdge\AutoEdge.csproj]
C:\Users\Promi\2ndSemesterProject\AutoEdge\Models\Entities\DocumentType.cs(15,22): warning CS8632: The annotation for nullable reference types should only be used in code within a '#nullable' annotations context. [C:\Users\Promi\2ndSemesterProject\AutoEdge\AutoEdge.csproj]
C:\Users\Promi\2ndSemesterProject\AutoEdge\Models\Entities\DocumentType.cs(24,22): warning CS8632: The annotation for nullable reference types should only be used in code within a '#nullable' annotations context. [C:\Users\Promi\2ndSemesterProject\AutoEdge\AutoEdge.csproj]
C:\Users\Promi\2ndSemesterProject\AutoEdge\Models\Entities\DocumentType.cs(31,22): warning CS8632: The annotation for nullable reference types should only be used in code within a '#nullable' annotations context. [C:\Users\Promi\2ndSemesterProject\AutoEdge\AutoEdge.csproj]
C:\Users\Promi\2ndSemesterProject\AutoEdge\Models\Entities\Inquiry.cs(31,22): warning CS8632: The annotation for nullable reference types should only be used in code within a '#nullable' annotations context. [C:\Users\Promi\2ndSemesterProject\AutoEdge\AutoEdge.csproj]
C:\Users\Promi\2ndSemesterProject\AutoEdge\Models\Entities\Inquiry.cs(78,39): warning CS8632: The annotation for nullable reference types should only be used in code within a '#nullable' annotations context. [C:\Users\Promi\2ndSemesterProject\AutoEdge\AutoEdge.csproj]
C:\Users\Promi\2ndSemesterProject\AutoEdge\Services\QRCodeService.cs(63,35): warning CS8632: The annotation for nullable reference types should only be used in code within a '#nullable' annotations context. [C:\Users\Promi\2ndSemesterProject\AutoEdge\AutoEdge.csproj]
C:\Users\Promi\2ndSemesterProject\AutoEdge\TempModels\Contract.cs(82,18): warning CS8632: The annotation for nullable reference types should only be used in code within a '#nullable' annotations context. [C:\Users\Promi\2ndSemesterProject\AutoEdge\AutoEdge.csproj]
C:\Users\Promi\2ndSemesterProject\AutoEdge\TempModels\Contract.cs(84,18): warning CS8632: The annotation for nullable reference types should only be used in code within a '#nullable' annotations context. [C:\Users\Promi\2ndSemesterProject\AutoEdge\AutoEdge.csproj]
C:\Users\Promi\2ndSemesterProject\AutoEdge\TempModels\Contract.cs(86,18): warning CS8632: The annotation for nullable reference types should only be used in code within a '#nullable' annotations context. [C:\Users\Promi\2ndSemesterProject\AutoEdge\AutoEdge.csproj]
C:\Users\Promi\2ndSemesterProject\AutoEdge\TempModels\Contract.cs(88,18): warning CS8632: The annotation for nullable reference types should only be used in code within a '#nullable' annotations context. [C:\Users\Promi\2ndSemesterProject\AutoEdge\AutoEdge.csproj]
C:\Users\Promi\2ndSemesterProject\AutoEdge\TempModels\Contract.cs(90,18): warning CS8632: The annotation for nullable reference types should only be used in code within a '#nullable' annotations context. [C:\Users\Promi\2ndSemesterProject\AutoEdge\AutoEdge.csproj]
C:\Users\Promi\2ndSemesterProject\AutoEdge\TempModels\Contract.cs(96,18): warning CS8632: The annotation for nullable reference types should only be used in code within a '#nullable' annotations context. [C:\Users\Promi\2ndSemesterProject\AutoEdge\AutoEdge.csproj]
C:\Users\Promi\2ndSemesterProject\AutoEdge\TempModels\Contract.cs(108,28): warning CS8632: The annotation for nullable reference types should only be used in code within a '#nullable' annotations context. [C:\Users\Promi\2ndSemesterProject\AutoEdge\AutoEdge.csproj]
C:\Users\Promi\2ndSemesterProject\AutoEdge\TempModels\AspNetUserToken.cs(14,18): warning CS8632: The annotation for nullable reference types should only be used in code within a '#nullable' annotations context. [C:\Users\Promi\2ndSemesterProject\AutoEdge\AutoEdge.csproj]
C:\Users\Promi\2ndSemesterProject\AutoEdge\TempModels\Delivery.cs(28,18): warning CS8632: The annotation for nullable reference types should only be used in code within a '#nullable' annotations context. [C:\Users\Promi\2ndSemesterProject\AutoEdge\AutoEdge.csproj]
C:\Users\Promi\2ndSemesterProject\AutoEdge\TempModels\DocumentType.cs(12,18): warning CS8632: The annotation for nullable reference types should only be used in code within a '#nullable' annotations context. [C:\Users\Promi\2ndSemesterProject\AutoEdge\AutoEdge.csproj]
C:\Users\Promi\2ndSemesterProject\AutoEdge\TempModels\DocumentType.cs(18,18): warning CS8632: The annotation for nullable reference types should only be used in code within a '#nullable' annotations context. [C:\Users\Promi\2ndSemesterProject\AutoEdge\AutoEdge.csproj]
C:\Users\Promi\2ndSemesterProject\AutoEdge\TempModels\DocumentType.cs(22,18): warning CS8632: The annotation for nullable reference types should only be used in code within a '#nullable' annotations context. [C:\Users\Promi\2ndSemesterProject\AutoEdge\AutoEdge.csproj]
C:\Users\Promi\2ndSemesterProject\AutoEdge\TempModels\Delivery.cs(108,30): warning CS8632: The annotation for nullable reference types should only be used in code within a '#nullable' annotations context. [C:\Users\Promi\2ndSemesterProject\AutoEdge\AutoEdge.csproj]
C:\Users\Promi\2ndSemesterProject\AutoEdge\TempModels\Inquiry.cs(22,18): warning CS8632: The annotation for nullable reference types should only be used in code within a '#nullable' annotations context. [C:\Users\Promi\2ndSemesterProject\AutoEdge\AutoEdge.csproj]
C:\Users\Promi\2ndSemesterProject\AutoEdge\TempModels\Inquiry.cs(54,30): warning CS8632: The annotation for nullable reference types should only be used in code within a '#nullable' annotations context. [C:\Users\Promi\2ndSemesterProject\AutoEdge\AutoEdge.csproj]
C:\Users\Promi\2ndSemesterProject\AutoEdge\TempModels\Document.cs(20,18): warning CS8632: The annotation for nullable reference types should only be used in code within a '#nullable' annotations context. [C:\Users\Promi\2ndSemesterProject\AutoEdge\AutoEdge.csproj]
C:\Users\Promi\2ndSemesterProject\AutoEdge\TempModels\Document.cs(26,18): warning CS8632: The annotation for nullable reference types should only be used in code within a '#nullable' annotations context. [C:\Users\Promi\2ndSemesterProject\AutoEdge\AutoEdge.csproj]
C:\Users\Promi\2ndSemesterProject\AutoEdge\TempModels\Document.cs(28,18): warning CS8632: The annotation for nullable reference types should only be used in code within a '#nullable' annotations context. [C:\Users\Promi\2ndSemesterProject\AutoEdge\AutoEdge.csproj]
C:\Users\Promi\2ndSemesterProject\AutoEdge\TempModels\Document.cs(36,18): warning CS8632: The annotation for nullable reference types should only be used in code within a '#nullable' annotations context. [C:\Users\Promi\2ndSemesterProject\AutoEdge\AutoEdge.csproj]
C:\Users\Promi\2ndSemesterProject\AutoEdge\TempModels\Document.cs(42,18): warning CS8632: The annotation for nullable reference types should only be used in code within a '#nullable' annotations context. [C:\Users\Promi\2ndSemesterProject\AutoEdge\AutoEdge.csproj]
C:\Users\Promi\2ndSemesterProject\AutoEdge\TempModels\Document.cs(74,28): warning CS8632: The annotation for nullable reference types should only be used in code within a '#nullable' annotations context. [C:\Users\Promi\2ndSemesterProject\AutoEdge\AutoEdge.csproj]
C:\Users\Promi\2ndSemesterProject\AutoEdge\TempModels\Document.cs(76,30): warning CS8632: The annotation for nullable reference types should only be used in code within a '#nullable' annotations context. [C:\Users\Promi\2ndSemesterProject\AutoEdge\AutoEdge.csproj]
C:\Users\Promi\2ndSemesterProject\AutoEdge\TempModels\Reservation.cs(54,18): warning CS8632: The annotation for nullable reference types should only be used in code within a '#nullable' annotations context. [C:\Users\Promi\2ndSemesterProject\AutoEdge\AutoEdge.csproj]
C:\Users\Promi\2ndSemesterProject\AutoEdge\TempModels\Reservation.cs(56,30): warning CS8632: The annotation for nullable reference types should only be used in code within a '#nullable' annotations context. [C:\Users\Promi\2ndSemesterProject\AutoEdge\AutoEdge.csproj]
C:\Users\Promi\2ndSemesterProject\AutoEdge\TempModels\Reservation.cs(58,28): warning CS8632: The annotation for nullable reference types should only be used in code within a '#nullable' annotations context. [C:\Users\Promi\2ndSemesterProject\AutoEdge\AutoEdge.csproj]
C:\Users\Promi\2ndSemesterProject\AutoEdge\Repositories\Repository.cs(18,36): warning CS8632: The annotation for nullable reference types should only be used in code within a '#nullable' annotations context. [C:\Users\Promi\2ndSemesterProject\AutoEdge\AutoEdge.csproj]
C:\Users\Promi\2ndSemesterProject\AutoEdge\Repositories\Repository.cs(33,36): warning CS8632: The annotation for nullable reference types should only be used in code within a '#nullable' annotations context. [C:\Users\Promi\2ndSemesterProject\AutoEdge\AutoEdge.csproj]
C:\Users\Promi\2ndSemesterProject\AutoEdge\Repositories\Repository.cs(43,76): warning CS8632: The annotation for nullable reference types should only be used in code within a '#nullable' annotations context. [C:\Users\Promi\2ndSemesterProject\AutoEdge\AutoEdge.csproj]
C:\Users\Promi\2ndSemesterProject\AutoEdge\Repositories\Repository.cs(83,38): warning CS8632: The annotation for nullable reference types should only be used in code within a '#nullable' annotations context. [C:\Users\Promi\2ndSemesterProject\AutoEdge\AutoEdge.csproj]
C:\Users\Promi\2ndSemesterProject\AutoEdge\Repositories\Repository.cs(84,54): warning CS8632: The annotation for nullable reference types should only be used in code within a '#nullable' annotations context. [C:\Users\Promi\2ndSemesterProject\AutoEdge\AutoEdge.csproj]
C:\Users\Promi\2ndSemesterProject\AutoEdge\Repositories\Repository.cs(109,38): warning CS8632: The annotation for nullable reference types should only be used in code within a '#nullable' annotations context. [C:\Users\Promi\2ndSemesterProject\AutoEdge\AutoEdge.csproj]
C:\Users\Promi\2ndSemesterProject\AutoEdge\Repositories\Repository.cs(110,54): warning CS8632: The annotation for nullable reference types should only be used in code within a '#nullable' annotations context. [C:\Users\Promi\2ndSemesterProject\AutoEdge\AutoEdge.csproj]
C:\Users\Promi\2ndSemesterProject\AutoEdge\TempModels\Vehicle.cs(58,18): warning CS8632: The annotation for nullable reference types should only be used in code within a '#nullable' annotations context. [C:\Users\Promi\2ndSemesterProject\AutoEdge\AutoEdge.csproj]
C:\Users\Promi\2ndSemesterProject\AutoEdge\Models\Entities\Reservation.cs(68,22): warning CS8632: The annotation for nullable reference types should only be used in code within a '#nullable' annotations context. [C:\Users\Promi\2ndSemesterProject\AutoEdge\AutoEdge.csproj]
C:\Users\Promi\2ndSemesterProject\AutoEdge\Models\Entities\Reservation.cs(78,32): warning CS8632: The annotation for nullable reference types should only be used in code within a '#nullable' annotations context. [C:\Users\Promi\2ndSemesterProject\AutoEdge\AutoEdge.csproj]
C:\Users\Promi\2ndSemesterProject\AutoEdge\Models\Entities\Reservation.cs(81,39): warning CS8632: The annotation for nullable reference types should only be used in code within a '#nullable' annotations context. [C:\Users\Promi\2ndSemesterProject\AutoEdge\AutoEdge.csproj]
C:\Users\Promi\2ndSemesterProject\AutoEdge\Repositories\UnitOfWork.cs(10,38): warning CS8632: The annotation for nullable reference types should only be used in code within a '#nullable' annotations context. [C:\Users\Promi\2ndSemesterProject\AutoEdge\AutoEdge.csproj]
C:\Users\Promi\2ndSemesterProject\AutoEdge\Repositories\UnitOfWork.cs(14,37): warning CS8632: The annotation for nullable reference types should only be used in code within a '#nullable' annotations context. [C:\Users\Promi\2ndSemesterProject\AutoEdge\AutoEdge.csproj]
C:\Users\Promi\2ndSemesterProject\AutoEdge\Repositories\UnitOfWork.cs(15,42): warning CS8632: The annotation for nullable reference types should only be used in code within a '#nullable' annotations context. [C:\Users\Promi\2ndSemesterProject\AutoEdge\AutoEdge.csproj]
C:\Users\Promi\2ndSemesterProject\AutoEdge\Repositories\UnitOfWork.cs(16,38): warning CS8632: The annotation for nullable reference types should only be used in code within a '#nullable' annotations context. [C:\Users\Promi\2ndSemesterProject\AutoEdge\AutoEdge.csproj]
C:\Users\Promi\2ndSemesterProject\AutoEdge\Repositories\UnitOfWork.cs(17,37): warning CS8632: The annotation for nullable reference types should only be used in code within a '#nullable' annotations context. [C:\Users\Promi\2ndSemesterProject\AutoEdge\AutoEdge.csproj]
C:\Users\Promi\2ndSemesterProject\AutoEdge\Repositories\UnitOfWork.cs(18,41): warning CS8632: The annotation for nullable reference types should only be used in code within a '#nullable' annotations context. [C:\Users\Promi\2ndSemesterProject\AutoEdge\AutoEdge.csproj]
C:\Users\Promi\2ndSemesterProject\AutoEdge\Repositories\UnitOfWork.cs(19,38): warning CS8632: The annotation for nullable reference types should only be used in code within a '#nullable' annotations context. [C:\Users\Promi\2ndSemesterProject\AutoEdge\AutoEdge.csproj]
C:\Users\Promi\2ndSemesterProject\AutoEdge\Repositories\UnitOfWork.cs(20,38): warning CS8632: The annotation for nullable reference types should only be used in code within a '#nullable' annotations context. [C:\Users\Promi\2ndSemesterProject\AutoEdge\AutoEdge.csproj]
C:\Users\Promi\2ndSemesterProject\AutoEdge\Repositories\UnitOfWork.cs(21,37): warning CS8632: The annotation for nullable reference types should only be used in code within a '#nullable' annotations context. [C:\Users\Promi\2ndSemesterProject\AutoEdge\AutoEdge.csproj]
C:\Users\Promi\2ndSemesterProject\AutoEdge\Repositories\UnitOfWork.cs(22,38): warning CS8632: The annotation for nullable reference types should only be used in code within a '#nullable' annotations context. [C:\Users\Promi\2ndSemesterProject\AutoEdge\AutoEdge.csproj]
C:\Users\Promi\2ndSemesterProject\AutoEdge\Repositories\UnitOfWork.cs(23,38): warning CS8632: The annotation for nullable reference types should only be used in code within a '#nullable' annotations context. [C:\Users\Promi\2ndSemesterProject\AutoEdge\AutoEdge.csproj]
C:\Users\Promi\2ndSemesterProject\AutoEdge\Models\Entities\Warranty.cs(51,22): warning CS8632: The annotation for nullable reference types should only be used in code within a '#nullable' annotations context. [C:\Users\Promi\2ndSemesterProject\AutoEdge\AutoEdge.csproj]
C:\Users\Promi\2ndSemesterProject\AutoEdge\Controllers\WebhookController.cs(50,23): warning CS8632: The annotation for nullable reference types should only be used in code within a '#nullable' annotations context. [C:\Users\Promi\2ndSemesterProject\AutoEdge\AutoEdge.csproj]
C:\Users\Promi\2ndSemesterProject\AutoEdge\Controllers\WebhookController.cs(51,23): warning CS8632: The annotation for nullable reference types should only be used in code within a '#nullable' annotations context. [C:\Users\Promi\2ndSemesterProject\AutoEdge\AutoEdge.csproj]
C:\Users\Promi\2ndSemesterProject\AutoEdge\Controllers\WebhookController.cs(52,23): warning CS8632: The annotation for nullable reference types should only be used in code within a '#nullable' annotations context. [C:\Users\Promi\2ndSemesterProject\AutoEdge\AutoEdge.csproj]
C:\Users\Promi\2ndSemesterProject\AutoEdge\Controllers\WebhookController.cs(53,23): warning CS8632: The annotation for nullable reference types should only be used in code within a '#nullable' annotations context. [C:\Users\Promi\2ndSemesterProject\AutoEdge\AutoEdge.csproj]
C:\Users\Promi\2ndSemesterProject\AutoEdge\Controllers\VehicleController.cs(46,44): warning CS8632: The annotation for nullable reference types should only be used in code within a '#nullable' annotations context. [C:\Users\Promi\2ndSemesterProject\AutoEdge\AutoEdge.csproj]
C:\Users\Promi\2ndSemesterProject\AutoEdge\Controllers\VehicleController.cs(55,66): warning CS8632: The annotation for nullable reference types should only be used in code within a '#nullable' annotations context. [C:\Users\Promi\2ndSemesterProject\AutoEdge\AutoEdge.csproj]
C:\Users\Promi\2ndSemesterProject\AutoEdge\Controllers\AdminController.cs(632,30): warning CS0168: The variable 'ex' is declared but never used [C:\Users\Promi\2ndSemesterProject\AutoEdge\AutoEdge.csproj]
C:\Users\Promi\2ndSemesterProject\AutoEdge\Controllers\DeliveryController.cs(209,26): warning CS0168: The variable 'ex' is declared but never used [C:\Users\Promi\2ndSemesterProject\AutoEdge\AutoEdge.csproj]
C:\Users\Promi\2ndSemesterProject\AutoEdge\Controllers\DeliveryController.cs(216,38): warning CS1998: This async method lacks 'await' operators and will run synchronously. Consider using the 'await' operator to await non-blocking API calls, or 'await Task.Run(...)' to do CPU-bound work on a background thread. [C:\Users\Promi\2ndSemesterProject\AutoEdge\AutoEdge.csproj]
C:\Users\Promi\2ndSemesterProject\AutoEdge\Controllers\HomeController.cs(101,32): warning CS1998: This async method lacks 'await' operators and will run synchronously. Consider using the 'await' operator to await non-blocking API calls, or 'await Task.Run(...)' to do CPU-bound work on a background thread. [C:\Users\Promi\2ndSemesterProject\AutoEdge\AutoEdge.csproj]
C:\Users\Promi\2ndSemesterProject\AutoEdge\Services\ESignatureService.cs(120,35): warning CS1998: This async method lacks 'await' operators and will run synchronously. Consider using the 'await' operator to await non-blocking API calls, or 'await Task.Run(...)' to do CPU-bound work on a background thread. [C:\Users\Promi\2ndSemesterProject\AutoEdge\AutoEdge.csproj]
C:\Users\Promi\2ndSemesterProject\AutoEdge\Services\ESignatureService.cs(159,33): warning CS1998: This async method lacks 'await' operators and will run synchronously. Consider using the 'await' operator to await non-blocking API calls, or 'await Task.Run(...)' to do CPU-bound work on a background thread. [C:\Users\Promi\2ndSemesterProject\AutoEdge\AutoEdge.csproj]
C:\Users\Promi\2ndSemesterProject\AutoEdge\Controllers\CustomerController.cs(478,30): warning CS0168: The variable 'ex' is declared but never used [C:\Users\Promi\2ndSemesterProject\AutoEdge\AutoEdge.csproj]
C:\Users\Promi\2ndSemesterProject\AutoEdge\Controllers\CustomerController.cs(545,30): warning CS0168: The variable 'ex' is declared but never used [C:\Users\Promi\2ndSemesterProject\AutoEdge\AutoEdge.csproj]
C:\Users\Promi\2ndSemesterProject\AutoEdge\Controllers\PurchaseController.cs(1125,24): warning CS8632: The annotation for nullable reference types should only be used in code within a '#nullable' annotations context. [C:\Users\Promi\2ndSemesterProject\AutoEdge\AutoEdge.csproj]
C:\Users\Promi\2ndSemesterProject\AutoEdge\Controllers\WebhookController.cs(274,63): error CS1061: 'IHasObject' does not contain a definition for 'Id' and no accessible extension method 'Id' accepting a first argument of type 'IHasObject' could be found (are you missing a using directive or an assembly reference?) [C:\Users\Promi\2ndSemesterProject\AutoEdge\AutoEdge.csproj]
C:\Users\Promi\2ndSemesterProject\AutoEdge\Controllers\WebhookController.cs(279,26): error CS0103: The name 'Events' does not exist in the current context [C:\Users\Promi\2ndSemesterProject\AutoEdge\AutoEdge.csproj]
C:\Users\Promi\2ndSemesterProject\AutoEdge\Controllers\WebhookController.cs(282,26): error CS0103: The name 'Events' does not exist in the current context [C:\Users\Promi\2ndSemesterProject\AutoEdge\AutoEdge.csproj]
C:\Users\Promi\2ndSemesterProject\AutoEdge\Controllers\WebhookController.cs(285,26): error CS0103: The name 'Events' does not exist in the current context [C:\Users\Promi\2ndSemesterProject\AutoEdge\AutoEdge.csproj]
    145 Warning(s)
    4 Error(s)

Time Elapsed 00:00:07.16

Workload updates are available. Run `dotnet workload list` for more information.
